[     166ms] TypeError: Cannot read properties of null (reading 'classList')
    at https://geovation.uk/scotland/:995:24
[    4660ms] [WARNING] The resource https://geovation.uk/wp-content/themes/wpblocktheme/assets/fonts/Lato/lato-v23-latin-700.woff2 was preloaded using link preload but not used within a few seconds from the window's load event. Please make sure it has an appropriate `as` value and it is preloaded intentionally. @ https://geovation.uk/scotland/:0
[    4660ms] [WARNING] The resource https://geovation.uk/wp-content/themes/wpblocktheme/assets/fonts/Lato/lato-v23-latin-regular.woff was preloaded using link preload but not used within a few seconds from the window's load event. Please make sure it has an appropriate `as` value and it is preloaded intentionally. @ https://geovation.uk/scotland/:0
[    4660ms] [WARNING] The resource https://geovation.uk/wp-content/themes/geovation-theme/assets/css/main.css was preloaded using link preload but not used within a few seconds from the window's load event. Please make sure it has an appropriate `as` value and it is preloaded intentionally. @ https://geovation.uk/scotland/:0
[    4660ms] [WARNING] The resource https://geovation.uk/wp-content/themes/wpblocktheme/assets/fonts/Lato/lato-v23-latin-regular.woff2 was preloaded using link preload but not used within a few seconds from the window's load event. Please make sure it has an appropriate `as` value and it is preloaded intentionally. @ https://geovation.uk/scotland/:0
[    4660ms] [WARNING] The resource https://geovation.uk/wp-content/uploads/hummingbird-assets/8ec03d142cdcfb8354fa1d55505194cb.css was preloaded using link preload but not used within a few seconds from the window's load event. Please make sure it has an appropriate `as` value and it is preloaded intentionally. @ https://geovation.uk/scotland/:0
[    4660ms] [WARNING] The resource https://geovation.uk/wp-content/themes/wpblocktheme/assets/fonts/Lato/lato-v23-latin-700.woff was preloaded using link preload but not used within a few seconds from the window's load event. Please make sure it has an appropriate `as` value and it is preloaded intentionally. @ https://geovation.uk/scotland/:0
[   70536ms] [WARNING] The resource https://geovation.uk/wp-content/themes/wpblocktheme/assets/fonts/Lato/lato-v23-latin-700.woff2 was preloaded using link preload but not used within a few seconds from the window's load event. Please make sure it has an appropriate `as` value and it is preloaded intentionally. @ https://geovation.uk/scotland/:0
[   70536ms] [WARNING] The resource https://geovation.uk/wp-content/themes/wpblocktheme/assets/fonts/Lato/lato-v23-latin-regular.woff was preloaded using link preload but not used within a few seconds from the window's load event. Please make sure it has an appropriate `as` value and it is preloaded intentionally. @ https://geovation.uk/scotland/:0
[   70536ms] [WARNING] The resource https://geovation.uk/wp-content/themes/wpblocktheme/assets/fonts/Lato/lato-v23-latin-regular.woff2 was preloaded using link preload but not used within a few seconds from the window's load event. Please make sure it has an appropriate `as` value and it is preloaded intentionally. @ https://geovation.uk/scotland/:0
[   70536ms] [WARNING] The resource https://geovation.uk/wp-content/uploads/hummingbird-assets/8ec03d142cdcfb8354fa1d55505194cb.css was preloaded using link preload but not used within a few seconds from the window's load event. Please make sure it has an appropriate `as` value and it is preloaded intentionally. @ https://geovation.uk/scotland/:0
[   70536ms] [WARNING] The resource https://geovation.uk/wp-content/themes/wpblocktheme/assets/fonts/Lato/lato-v23-latin-700.woff was preloaded using link preload but not used within a few seconds from the window's load event. Please make sure it has an appropriate `as` value and it is preloaded intentionally. @ https://geovation.uk/scotland/:0
[   76395ms] [ERROR] Failed to load resource: the server responded with a status of 404 () @ https://www.f6s.com/static-resource/plugins/uploadify/jquery.uploadify.v2.1.4.min.js?u=10a8af6946e95e23773856c1035c54dd:0
[   76396ms] [ERROR] Failed to load resource: the server responded with a status of 404 () @ https://www.f6s.com/static-resource/plugins/uploadify/swfobject.js?u=10a8af6946e95e23773856c1035c54dd:0
[  919346ms] [ERROR] Failed to load resource: the server responded with a status of 403 () @ https://www.f6s.com/content-resource/profiles/3579610_th2.jpg:0
[  919999ms] [ERROR] Failed to load resource: the server responded with a status of 403 () @ https://www.f6s.com/content-resource/profiles/3579610_th2.jpg:0
[  927382ms] [ERROR] Failed to load resource: the server responded with a status of 403 () @ https://www.f6s.com/content-resource/profiles/3579610_th2.jpg:0
[  930034ms] [ERROR] Failed to load resource: the server responded with a status of 403 () @ https://www.f6s.com/content-resource/profiles/3579610_th2.jpg:0
[ 1195782ms] [ERROR] Failed to load resource: the server responded with a status of 400 () @ https://www.f6s.com/api2/markets/autocomplete?keyword=Nature-Based%20Solutions%2C%20Carbon%20Credit%20Infrastructure%2C%20ESG%20%26%20Sustainability%20Reporting%2C%20Geospatial%20Technology%2C%20Remote%20Sensing%2C%20AgriTech%2C%20Climate%20Finance%2C%20Environmental%20Data%20%26%20Analytics%2C%20and%20Natural%20Capital%20Markets.:0
