[    1232ms] [LOG] Adding the trial token from JS version: 148 @ https://consent.trustarc.com/notice?domain=alibabacloud.com&c=teconsent&js=nj&noticeType=bb&gtm=1:0
[    1233ms] [LOG] Added the trial token from JS @ https://consent.trustarc.com/notice?domain=alibabacloud.com&c=teconsent&js=nj&noticeType=bb&gtm=1:0
[    5485ms] [WARNING] single-spa minified message #1: See https://single-spa.js.org/error/?code=1 @ https://g.alicdn.com/alicloud-components/wei-app/0.1.9/js/index.js:0
[    8003ms] Error: Minified React error #418; visit https://react.dev/errors/418?args[]=text&args[]= for the full message or use the non-minified dev environment for full errors and additional helpful warnings.
    at rN (https://modelstudio.alibabacloud.com/_next/static/chunks/623-f7d657b96248be1b.js:1:193495)
    at rA (https://modelstudio.alibabacloud.com/_next/static/chunks/623-f7d657b96248be1b.js:1:194528)
    at https://modelstudio.alibabacloud.com/_next/static/chunks/623-f7d657b96248be1b.js:1:276516
    at iw (https://modelstudio.alibabacloud.com/_next/static/chunks/623-f7d657b96248be1b.js:1:281388)
    at i_ (https://modelstudio.alibabacloud.com/_next/static/chunks/623-f7d657b96248be1b.js:1:273176)
    at https://modelstudio.alibabacloud.com/_next/static/chunks/623-f7d657b96248be1b.js:1:269163
    at iu (https://modelstudio.alibabacloud.com/_next/static/chunks/623-f7d657b96248be1b.js:1:269264)
    at iQ (https://modelstudio.alibabacloud.com/_next/static/chunks/623-f7d657b96248be1b.js:1:291367)
    at MessagePort.x (https://modelstudio.alibabacloud.com/_next/static/chunks/623-f7d657b96248be1b.js:1:113638)
[    8538ms] [LOG] Wed Jun 03 2026 20:03:49 GMT+0100 (British Summer Time) @ https://g.alicdn.com/AWSC/et/1.83.41/et_f.js:1
[    8579ms] [LOG] %c [APLUS] -- APLUS INIT SUCCESS background:#3B82FE; padding: 4px; padding-right: 8px; border-radius: 4px; color: #fff; @ :1
[    8597ms] Uncaught (in promise) TypeError: Cannot read properties of undefined (reading 'call')
    at f (https://g.alicdn.com/alicloud-components/sg-pixel/0.0.5/tiktok.js?sdkid=C14S1U19T3JULJKGN300&lib=ttq:2:12453)
    at 6rls (https://analytics.tiktok.com/i18n/pixel/identify.js:0:117812)
    at f (https://g.alicdn.com/alicloud-components/sg-pixel/0.0.5/tiktok.js?sdkid=C14S1U19T3JULJKGN300&lib=ttq:2:12453)
[    8669ms] [ERROR] Permissions policy violation: gyroscope is not allowed in this document. @ https://g.alicdn.com/secdev/sufei_data/3.9.14/index.js:0
[    8670ms] [ERROR] Permissions policy violation: accelerometer is not allowed in this document. @ https://g.alicdn.com/secdev/sufei_data/3.9.14/index.js:0
[    8670ms] [WARNING] The deviceorientation events are blocked by permissions policy. See https://github.com/w3c/webappsec-permissions-policy/blob/master/features.md#sensor-features @ https://g.alicdn.com/secdev/sufei_data/3.9.14/index.js:0
[    8749ms] [LOG] Wed Jun 03 2026 20:03:49 GMT+0100 (British Summer Time) @ https://g.alicdn.com/AWSC/et/1.83.41/et_f.js:1
[   25171ms] [ERROR] User declined or dismissed prompt. API exponential cool down triggered. @ https://www.alibabacloud.com/en/product/modelstudio?_p_lc=1&utm_content=se_1023334907&gclid=Cj0KCQjwof_QBhCgARIsADaMzOfIMU0yYKz1jPw9gAa8ijDPcQQ16eFzm_txfRYPmd4-CoE-4-afpx4aAqcuEALw_wcB:0
[   25175ms] [ERROR] [GSI_LOGGER]: FedCM get() rejects with NetworkError: Error retrieving a token. @ https://accounts.google.com/gsi/client:87
[ 1635480ms] [ERROR] Failed to load resource: net::ERR_INTERNET_DISCONNECTED @ https://sg.mmstat.com/alicloud/alicloud/aliyun_com.homon.tracker-scm:0
[ 1643215ms] [ERROR] Failed to load resource: net::ERR_INTERNET_DISCONNECTED @ https://sg.mmstat.com/alicloud/alicloud/aliyun_com.homon.tracker-scm:0
[ 1643217ms] [ERROR] Failed to load resource: net::ERR_INTERNET_DISCONNECTED @ https://sg.mmstat.com/alicloud/alicloud/aliyun_com.homon.tracker-scm:0
[ 1657047ms] [ERROR] Failed to load resource: net::ERR_INTERNET_DISCONNECTED @ https://sg.mmstat.com/alicloud/alicloud/aliyun_com.homon.tracker-scm:0
[ 1667043ms] [ERROR] Failed to load resource: net::ERR_INTERNET_DISCONNECTED @ https://sg.mmstat.com/alicloud/alicloud/aliyun_com.homon.tracker-scm:0
[ 1677026ms] [ERROR] Failed to load resource: net::ERR_INTERNET_DISCONNECTED @ https://sg.mmstat.com/alicloud/alicloud/aliyun_com.homon.tracker-scm:0
[ 1687045ms] [ERROR] Failed to load resource: net::ERR_INTERNET_DISCONNECTED @ https://sg.mmstat.com/alicloud/alicloud/aliyun_com.homon.tracker-scm:0
[ 1697217ms] [ERROR] Failed to load resource: net::ERR_INTERNET_DISCONNECTED @ https://sg.mmstat.com/alicloud/alicloud/aliyun_com.homon.tracker-scm:0
[ 1707028ms] [ERROR] Failed to load resource: net::ERR_INTERNET_DISCONNECTED @ https://sg.mmstat.com/alicloud/alicloud/aliyun_com.homon.tracker-scm:0
[ 1717055ms] [ERROR] Failed to load resource: net::ERR_INTERNET_DISCONNECTED @ https://sg.mmstat.com/alicloud/alicloud/aliyun_com.homon.tracker-scm:0
[ 1727055ms] [ERROR] Failed to load resource: net::ERR_INTERNET_DISCONNECTED @ https://sg.mmstat.com/alicloud/alicloud/aliyun_com.homon.tracker-scm:0
[ 1737043ms] [ERROR] Failed to load resource: net::ERR_INTERNET_DISCONNECTED @ https://sg.mmstat.com/alicloud/alicloud/aliyun_com.homon.tracker-scm:0
[ 1747047ms] [ERROR] Failed to load resource: net::ERR_INTERNET_DISCONNECTED @ https://sg.mmstat.com/alicloud/alicloud/aliyun_com.homon.tracker-scm:0
[ 1757049ms] [ERROR] Failed to load resource: net::ERR_INTERNET_DISCONNECTED @ https://sg.mmstat.com/alicloud/alicloud/aliyun_com.homon.tracker-scm:0
[ 1767692ms] [ERROR] Failed to load resource: net::ERR_INTERNET_DISCONNECTED @ https://sg.mmstat.com/alicloud/alicloud/aliyun_com.homon.tracker-scm:0
[ 1777043ms] [ERROR] Failed to load resource: net::ERR_INTERNET_DISCONNECTED @ https://sg.mmstat.com/alicloud/alicloud/aliyun_com.homon.tracker-scm:0
[ 1787619ms] [ERROR] Failed to load resource: net::ERR_INTERNET_DISCONNECTED @ https://sg.mmstat.com/alicloud/alicloud/aliyun_com.homon.tracker-scm:0
[ 1797036ms] [ERROR] Failed to load resource: net::ERR_INTERNET_DISCONNECTED @ https://sg.mmstat.com/alicloud/alicloud/aliyun_com.homon.tracker-scm:0
[ 1807018ms] [ERROR] Failed to load resource: net::ERR_INTERNET_DISCONNECTED @ https://sg.mmstat.com/alicloud/alicloud/aliyun_com.homon.tracker-scm:0
[ 2716166ms] [INFO] Autofocus processing was blocked because a document already has a focused element. @ https://www.google.com/search?q=carbon+credit+market&oq=carbon+credit+market&gs_lcrp=EgZjaHJvbWUyBggAEEUYOTIHCAEQABiABDIHCAIQABiABDIHCAMQABiABDIHCAQQABiABDIMCAUQABgUGIcCGIAEMgcIBhAAGIAEMgcIBxAAGIAEMgcICBAAGIAEMgcICRAAGIAE0gEIOTM1MWowajSoAgCwAgE&sourceid=chrome&ie=UTF-8&source=chrome.ob:0
[ 8216128ms] [ERROR] Failed to load resource: net::ERR_NAME_NOT_RESOLVED @ https://accounts.google.com/RotateCookies:0
