[    7831ms] [ERROR] Failed to load resource: the server responded with a status of 400 () @ https://ad.doubleclick.net/ccm/s/collect?auid=704828554.1780516082&gtm=45fe6620v9181628349za200zd9181628349xec:0
[    9054ms] [WARNING] [Meta Pixel] - Duplicate Pixel ID: 1076488020043809. @ https://connect.facebook.net/en_US/fbevents.js:183
[    9300ms] [ERROR] Failed to load resource: the server responded with a status of 401 () @ https://epsilon.6sense.com/v3/company/details:0
[  204568ms] [WARNING] [Meta Pixel] - Duplicate Pixel ID: 186311629997689. @ https://connect.facebook.net/en_US/fbevents.js:183
[  204569ms] [WARNING] [Meta Pixel] - Duplicate Pixel ID: 762204131328828. @ https://connect.facebook.net/en_US/fbevents.js:183
[  204569ms] [WARNING] [Meta Pixel] - Duplicate Pixel ID: 805865457000076. @ https://connect.facebook.net/en_US/fbevents.js:183
[  204569ms] [WARNING] [Meta Pixel] - Duplicate Pixel ID: 485162356055959. @ https://connect.facebook.net/en_US/fbevents.js:183
[  204569ms] [WARNING] [Meta Pixel] - Duplicate Pixel ID: 840514310007419. @ https://connect.facebook.net/en_US/fbevents.js:183
[  204569ms] [WARNING] [Meta Pixel] - Duplicate Pixel ID: 725530191418209. @ https://connect.facebook.net/en_US/fbevents.js:183
[  204776ms] [ERROR] Failed to load resource: the server responded with a status of 400 () @ https://ad.doubleclick.net/ccm/s/collect?auid=704828554.1780516082&gtm=45be6620za200zb9119276113zd9119276113xec:0
[  236154ms] [LOG] %c6sense JS 
        font-weight: bold;
        border-radius: 3px;
        background-color: #ff583d;
        color: #192232;
        padding: 1px 2px;
         Error loading pending commands: Found a _6si object on the window, but it was not an array. @ https://j.6sc.co/6si.min.js:0
[  236921ms] [ERROR] Failed to load resource: the server responded with a status of 401 () @ https://epsilon.6sense.com/v3/company/details:0
[ 5561538ms] [ERROR] Failed to load resource: net::ERR_NAME_NOT_RESOLVED @ https://c.go-mpulse.net/api/config.json?key=ZBS85-74AYM-EJ5D2-33X4T-WXVBD&d=www.shell.com&t=5935072&v=1.792.80&sl=1&si=cb1ef8b4-dde9-4ac6-aa6d-43630c974013-tg2mzv&r=&bcn=%2F%2F684dd32a.akstat.io%2F&acao=&ak.ai=217509:0
[ 5561808ms] [ERROR] Failed to load resource: net::ERR_NAME_NOT_RESOLVED @ https://b.6sc.co/v1/beacon/img.gif?token=22370498ecf72c2abbdab69752f2e1c5&svisitor=0ac610022a201400f484206add010000b0720400&visitor=4f23742a-4aba-450f-8812-fd0f28d45ee0&session=79c3c4fc-3f3c-42a9-8198-c2a5d3f6dbb7&event=active_time_track&q=%7B%22currentTime%22%3A%22Wed%2C%2003%20Jun%202026%2021%3A20%3A36%20GMT%22%2C%22lastTrackTime%22%3A%22Wed%2C%2003%20Jun%202026%2020%3A44%3A41%20GMT%22%2C%22timeSpent%22%3A%222155169%22%2C%22totalTimeSpent%22%3A%225552802%22%7D&isIframe=false&m=%7B%22description%22%3A%22Carbon%20credits%20are%20generated%20by%20projects%20that%20aim%20to%20reduce%20CO%E2%82%82%20emissions%2C%20providing%20hard-to-abate%20sectors%20with%20a%20mechanism%20to%20help%20compensate%20for%20their%20emissions%20as%20they%20develop%20the%20lower-carbon%20solutions%20required.%22%2C%22keywords%22%3A%22%22%2C%22title%22%3A%22Carbon%20credits%20%7C%20Shell%20Global%22%7D&cb=&r=https%3A%2F%2Fwww.google.com%2F&thirdParty=%7B%7D&v2=1&pageURL=https%3A%2F%2Fwww.shell.com%2Fshellenergy%2Fothersolutions%2Fenvironmental-products%2Fcarbon-credits.html&pageViewId=51646ef3-5816-4b76-80e1-333b0c6d4d5a&v=1.1.31:0
