[     148ms] TypeError: Cannot read properties of null (reading 'classList')
    at https://geovation.uk/scotland/:995:24
[     161ms] TypeError: Cannot read properties of null (reading 'classList')
    at https://geovation.uk/scotland/:995:24
[    6074ms] [WARNING] The resource https://geovation.uk/wp-content/themes/wpblocktheme/assets/fonts/Lato/lato-v23-latin-700.woff2 was preloaded using link preload but not used within a few seconds from the window's load event. Please make sure it has an appropriate `as` value and it is preloaded intentionally. @ https://geovation.uk/scotland/:0
[    6074ms] [WARNING] The resource https://geovation.uk/wp-content/themes/wpblocktheme/assets/fonts/Lato/lato-v23-latin-regular.woff was preloaded using link preload but not used within a few seconds from the window's load event. Please make sure it has an appropriate `as` value and it is preloaded intentionally. @ https://geovation.uk/scotland/:0
[    6074ms] [WARNING] The resource https://geovation.uk/wp-content/themes/wpblocktheme/assets/fonts/Lato/lato-v23-latin-regular.woff2 was preloaded using link preload but not used within a few seconds from the window's load event. Please make sure it has an appropriate `as` value and it is preloaded intentionally. @ https://geovation.uk/scotland/:0
[    6074ms] [WARNING] The resource https://geovation.uk/wp-content/uploads/hummingbird-assets/8ec03d142cdcfb8354fa1d55505194cb.css was preloaded using link preload but not used within a few seconds from the window's load event. Please make sure it has an appropriate `as` value and it is preloaded intentionally. @ https://geovation.uk/scotland/:0
[    6074ms] [WARNING] The resource https://geovation.uk/wp-content/themes/wpblocktheme/assets/fonts/Lato/lato-v23-latin-700.woff was preloaded using link preload but not used within a few seconds from the window's load event. Please make sure it has an appropriate `as` value and it is preloaded intentionally. @ https://geovation.uk/scotland/:0
[   22321ms] TypeError: Cannot read properties of null (reading 'classList')
    at https://geovation.uk/events/:781:24
[   30453ms] [WARNING] The resource https://geovation.uk/wp-content/themes/wpblocktheme/assets/fonts/Lato/lato-v23-latin-700.woff2 was preloaded using link preload but not used within a few seconds from the window's load event. Please make sure it has an appropriate `as` value and it is preloaded intentionally. @ https://geovation.uk/events/:0
[   30453ms] [WARNING] The resource https://geovation.uk/wp-content/themes/wpblocktheme/assets/fonts/Lato/lato-v23-latin-regular.woff was preloaded using link preload but not used within a few seconds from the window's load event. Please make sure it has an appropriate `as` value and it is preloaded intentionally. @ https://geovation.uk/events/:0
[   30453ms] [WARNING] The resource https://geovation.uk/wp-content/themes/wpblocktheme/assets/fonts/Lato/lato-v23-latin-regular.woff2 was preloaded using link preload but not used within a few seconds from the window's load event. Please make sure it has an appropriate `as` value and it is preloaded intentionally. @ https://geovation.uk/events/:0
[   30453ms] [WARNING] The resource https://geovation.uk/wp-content/uploads/hummingbird-assets/8ec03d142cdcfb8354fa1d55505194cb.css was preloaded using link preload but not used within a few seconds from the window's load event. Please make sure it has an appropriate `as` value and it is preloaded intentionally. @ https://geovation.uk/events/:0
[   30454ms] [WARNING] The resource https://geovation.uk/wp-content/themes/wpblocktheme/assets/fonts/Lato/lato-v23-latin-700.woff was preloaded using link preload but not used within a few seconds from the window's load event. Please make sure it has an appropriate `as` value and it is preloaded intentionally. @ https://geovation.uk/events/:0
[   34559ms] TypeError: Cannot read properties of null (reading 'classList')
    at https://geovation.uk/apply/:776:24
[   42655ms] [WARNING] The resource https://geovation.uk/wp-content/themes/wpblocktheme/assets/fonts/Lato/lato-v23-latin-700.woff2 was preloaded using link preload but not used within a few seconds from the window's load event. Please make sure it has an appropriate `as` value and it is preloaded intentionally. @ https://geovation.uk/apply/:0
[   42655ms] [WARNING] The resource https://geovation.uk/wp-content/themes/wpblocktheme/assets/fonts/Lato/lato-v23-latin-regular.woff was preloaded using link preload but not used within a few seconds from the window's load event. Please make sure it has an appropriate `as` value and it is preloaded intentionally. @ https://geovation.uk/apply/:0
[   42655ms] [WARNING] The resource https://geovation.uk/wp-content/themes/wpblocktheme/assets/fonts/Lato/lato-v23-latin-regular.woff2 was preloaded using link preload but not used within a few seconds from the window's load event. Please make sure it has an appropriate `as` value and it is preloaded intentionally. @ https://geovation.uk/apply/:0
[   42655ms] [WARNING] The resource https://geovation.uk/wp-content/uploads/hummingbird-assets/8ec03d142cdcfb8354fa1d55505194cb.css was preloaded using link preload but not used within a few seconds from the window's load event. Please make sure it has an appropriate `as` value and it is preloaded intentionally. @ https://geovation.uk/apply/:0
[   42655ms] [WARNING] The resource https://geovation.uk/wp-content/themes/wpblocktheme/assets/fonts/Lato/lato-v23-latin-700.woff was preloaded using link preload but not used within a few seconds from the window's load event. Please make sure it has an appropriate `as` value and it is preloaded intentionally. @ https://geovation.uk/apply/:0
[   49914ms] [WARNING] The resource https://geovation.uk/wp-content/themes/wpblocktheme/assets/fonts/Lato/lato-v23-latin-700.woff2 was preloaded using link preload but not used within a few seconds from the window's load event. Please make sure it has an appropriate `as` value and it is preloaded intentionally. @ https://geovation.uk/apply/:0
[   49914ms] [WARNING] The resource https://geovation.uk/wp-content/themes/wpblocktheme/assets/fonts/Lato/lato-v23-latin-regular.woff was preloaded using link preload but not used within a few seconds from the window's load event. Please make sure it has an appropriate `as` value and it is preloaded intentionally. @ https://geovation.uk/apply/:0
[   49914ms] [WARNING] The resource https://geovation.uk/wp-content/themes/wpblocktheme/assets/fonts/Lato/lato-v23-latin-regular.woff2 was preloaded using link preload but not used within a few seconds from the window's load event. Please make sure it has an appropriate `as` value and it is preloaded intentionally. @ https://geovation.uk/apply/:0
[   49914ms] [WARNING] The resource https://geovation.uk/wp-content/uploads/hummingbird-assets/8ec03d142cdcfb8354fa1d55505194cb.css was preloaded using link preload but not used within a few seconds from the window's load event. Please make sure it has an appropriate `as` value and it is preloaded intentionally. @ https://geovation.uk/apply/:0
[   49915ms] [WARNING] The resource https://geovation.uk/wp-content/themes/wpblocktheme/assets/fonts/Lato/lato-v23-latin-700.woff was preloaded using link preload but not used within a few seconds from the window's load event. Please make sure it has an appropriate `as` value and it is preloaded intentionally. @ https://geovation.uk/apply/:0
[   72224ms] TypeError: Cannot read properties of null (reading 'classList')
    at https://geovation.uk/challenges/proptech-innovation-challenge/:1545:24
[   76328ms] [WARNING] The resource https://geovation.uk/wp-content/themes/wpblocktheme/assets/fonts/Lato/lato-v23-latin-700.woff2 was preloaded using link preload but not used within a few seconds from the window's load event. Please make sure it has an appropriate `as` value and it is preloaded intentionally. @ https://geovation.uk/challenges/proptech-innovation-challenge/:0
[   76328ms] [WARNING] The resource https://geovation.uk/wp-content/themes/wpblocktheme/assets/fonts/Lato/lato-v23-latin-regular.woff was preloaded using link preload but not used within a few seconds from the window's load event. Please make sure it has an appropriate `as` value and it is preloaded intentionally. @ https://geovation.uk/challenges/proptech-innovation-challenge/:0
[   76328ms] [WARNING] The resource https://geovation.uk/wp-content/themes/wpblocktheme/assets/fonts/Lato/lato-v23-latin-regular.woff2 was preloaded using link preload but not used within a few seconds from the window's load event. Please make sure it has an appropriate `as` value and it is preloaded intentionally. @ https://geovation.uk/challenges/proptech-innovation-challenge/:0
[   76328ms] [WARNING] The resource https://geovation.uk/wp-content/uploads/hummingbird-assets/8ec03d142cdcfb8354fa1d55505194cb.css was preloaded using link preload but not used within a few seconds from the window's load event. Please make sure it has an appropriate `as` value and it is preloaded intentionally. @ https://geovation.uk/challenges/proptech-innovation-challenge/:0
[   76328ms] [WARNING] The resource https://geovation.uk/wp-content/themes/wpblocktheme/assets/fonts/Lato/lato-v23-latin-700.woff was preloaded using link preload but not used within a few seconds from the window's load event. Please make sure it has an appropriate `as` value and it is preloaded intentionally. @ https://geovation.uk/challenges/proptech-innovation-challenge/:0
[   82398ms] [WARNING] The resource https://geovation.uk/wp-content/themes/wpblocktheme/assets/fonts/Lato/lato-v23-latin-700.woff2 was preloaded using link preload but not used within a few seconds from the window's load event. Please make sure it has an appropriate `as` value and it is preloaded intentionally. @ https://geovation.uk/challenges/proptech-innovation-challenge/:0
[   82398ms] [WARNING] The resource https://geovation.uk/wp-content/themes/wpblocktheme/assets/fonts/Lato/lato-v23-latin-regular.woff was preloaded using link preload but not used within a few seconds from the window's load event. Please make sure it has an appropriate `as` value and it is preloaded intentionally. @ https://geovation.uk/challenges/proptech-innovation-challenge/:0
[   82398ms] [WARNING] The resource https://geovation.uk/wp-content/themes/wpblocktheme/assets/fonts/Lato/lato-v23-latin-regular.woff2 was preloaded using link preload but not used within a few seconds from the window's load event. Please make sure it has an appropriate `as` value and it is preloaded intentionally. @ https://geovation.uk/challenges/proptech-innovation-challenge/:0
[   82398ms] [WARNING] The resource https://geovation.uk/wp-content/uploads/hummingbird-assets/8ec03d142cdcfb8354fa1d55505194cb.css was preloaded using link preload but not used within a few seconds from the window's load event. Please make sure it has an appropriate `as` value and it is preloaded intentionally. @ https://geovation.uk/challenges/proptech-innovation-challenge/:0
[   82398ms] [WARNING] The resource https://geovation.uk/wp-content/themes/wpblocktheme/assets/fonts/Lato/lato-v23-latin-700.woff was preloaded using link preload but not used within a few seconds from the window's load event. Please make sure it has an appropriate `as` value and it is preloaded intentionally. @ https://geovation.uk/challenges/proptech-innovation-challenge/:0
[   86569ms] TypeError: Cannot read properties of null (reading 'classList')
    at https://geovation.uk/:1009:24
[   94685ms] [WARNING] The resource https://geovation.uk/wp-content/themes/wpblocktheme/assets/fonts/Lato/lato-v23-latin-700.woff2 was preloaded using link preload but not used within a few seconds from the window's load event. Please make sure it has an appropriate `as` value and it is preloaded intentionally. @ https://geovation.uk/:0
[   94685ms] [WARNING] The resource https://geovation.uk/wp-content/themes/wpblocktheme/assets/fonts/Lato/lato-v23-latin-regular.woff was preloaded using link preload but not used within a few seconds from the window's load event. Please make sure it has an appropriate `as` value and it is preloaded intentionally. @ https://geovation.uk/:0
[   94685ms] [WARNING] The resource https://geovation.uk/wp-content/themes/wpblocktheme/assets/fonts/Lato/lato-v23-latin-regular.woff2 was preloaded using link preload but not used within a few seconds from the window's load event. Please make sure it has an appropriate `as` value and it is preloaded intentionally. @ https://geovation.uk/:0
[   94685ms] [WARNING] The resource https://geovation.uk/wp-content/uploads/hummingbird-assets/8ec03d142cdcfb8354fa1d55505194cb.css was preloaded using link preload but not used within a few seconds from the window's load event. Please make sure it has an appropriate `as` value and it is preloaded intentionally. @ https://geovation.uk/:0
[   94685ms] [WARNING] The resource https://geovation.uk/wp-content/themes/wpblocktheme/assets/fonts/Lato/lato-v23-latin-700.woff was preloaded using link preload but not used within a few seconds from the window's load event. Please make sure it has an appropriate `as` value and it is preloaded intentionally. @ https://geovation.uk/:0
[  108490ms] [WARNING] The resource https://geovation.uk/wp-content/themes/wpblocktheme/assets/fonts/Lato/lato-v23-latin-700.woff2 was preloaded using link preload but not used within a few seconds from the window's load event. Please make sure it has an appropriate `as` value and it is preloaded intentionally. @ https://geovation.uk/:0
[  108490ms] [WARNING] The resource https://geovation.uk/wp-content/themes/wpblocktheme/assets/fonts/Lato/lato-v23-latin-regular.woff was preloaded using link preload but not used within a few seconds from the window's load event. Please make sure it has an appropriate `as` value and it is preloaded intentionally. @ https://geovation.uk/:0
[  108490ms] [WARNING] The resource https://geovation.uk/wp-content/themes/wpblocktheme/assets/fonts/Lato/lato-v23-latin-regular.woff2 was preloaded using link preload but not used within a few seconds from the window's load event. Please make sure it has an appropriate `as` value and it is preloaded intentionally. @ https://geovation.uk/:0
[  108490ms] [WARNING] The resource https://geovation.uk/wp-content/uploads/hummingbird-assets/8ec03d142cdcfb8354fa1d55505194cb.css was preloaded using link preload but not used within a few seconds from the window's load event. Please make sure it has an appropriate `as` value and it is preloaded intentionally. @ https://geovation.uk/:0
[  108490ms] [WARNING] The resource https://geovation.uk/wp-content/themes/wpblocktheme/assets/fonts/Lato/lato-v23-latin-700.woff was preloaded using link preload but not used within a few seconds from the window's load event. Please make sure it has an appropriate `as` value and it is preloaded intentionally. @ https://geovation.uk/:0
[218647520ms] TypeError: Cannot read properties of null (reading 'classList')
    at https://geovation.uk/:1009:24
[218652146ms] [WARNING] The resource https://geovation.uk/wp-content/themes/wpblocktheme/assets/fonts/Lato/lato-v23-latin-700.woff2 was preloaded using link preload but not used within a few seconds from the window's load event. Please make sure it has an appropriate `as` value and it is preloaded intentionally. @ https://geovation.uk/:0
[218652147ms] [WARNING] The resource https://geovation.uk/wp-content/themes/wpblocktheme/assets/fonts/Lato/lato-v23-latin-regular.woff was preloaded using link preload but not used within a few seconds from the window's load event. Please make sure it has an appropriate `as` value and it is preloaded intentionally. @ https://geovation.uk/:0
[218652147ms] [WARNING] The resource https://geovation.uk/wp-content/themes/wpblocktheme/assets/fonts/Lato/lato-v23-latin-regular.woff2 was preloaded using link preload but not used within a few seconds from the window's load event. Please make sure it has an appropriate `as` value and it is preloaded intentionally. @ https://geovation.uk/:0
[218652147ms] [WARNING] The resource https://geovation.uk/wp-content/uploads/hummingbird-assets/8ec03d142cdcfb8354fa1d55505194cb.css was preloaded using link preload but not used within a few seconds from the window's load event. Please make sure it has an appropriate `as` value and it is preloaded intentionally. @ https://geovation.uk/:0
[218652147ms] [WARNING] The resource https://geovation.uk/wp-content/themes/wpblocktheme/assets/fonts/Lato/lato-v23-latin-700.woff was preloaded using link preload but not used within a few seconds from the window's load event. Please make sure it has an appropriate `as` value and it is preloaded intentionally. @ https://geovation.uk/:0
[218656442ms] [WARNING] The resource https://geovation.uk/wp-content/themes/wpblocktheme/assets/fonts/Lato/lato-v23-latin-700.woff2 was preloaded using link preload but not used within a few seconds from the window's load event. Please make sure it has an appropriate `as` value and it is preloaded intentionally. @ https://geovation.uk/:0
[218656442ms] [WARNING] The resource https://geovation.uk/wp-content/themes/wpblocktheme/assets/fonts/Lato/lato-v23-latin-regular.woff was preloaded using link preload but not used within a few seconds from the window's load event. Please make sure it has an appropriate `as` value and it is preloaded intentionally. @ https://geovation.uk/:0
[218656442ms] [WARNING] The resource https://geovation.uk/wp-content/themes/wpblocktheme/assets/fonts/Lato/lato-v23-latin-regular.woff2 was preloaded using link preload but not used within a few seconds from the window's load event. Please make sure it has an appropriate `as` value and it is preloaded intentionally. @ https://geovation.uk/:0
[218656442ms] [WARNING] The resource https://geovation.uk/wp-content/uploads/hummingbird-assets/8ec03d142cdcfb8354fa1d55505194cb.css was preloaded using link preload but not used within a few seconds from the window's load event. Please make sure it has an appropriate `as` value and it is preloaded intentionally. @ https://geovation.uk/:0
[218656443ms] [WARNING] The resource https://geovation.uk/wp-content/themes/wpblocktheme/assets/fonts/Lato/lato-v23-latin-700.woff was preloaded using link preload but not used within a few seconds from the window's load event. Please make sure it has an appropriate `as` value and it is preloaded intentionally. @ https://geovation.uk/:0
[218663866ms] [ERROR] Failed to load resource: the server responded with a status of 404 () @ https://www.f6s.com/static-resource/plugins/uploadify/jquery.uploadify.v2.1.4.min.js?u=10a8af6946e95e23773856c1035c54dd:0
[218663866ms] [ERROR] Failed to load resource: the server responded with a status of 404 () @ https://www.f6s.com/static-resource/plugins/uploadify/swfobject.js?u=10a8af6946e95e23773856c1035c54dd:0
[218673973ms] [ERROR] Cross-Origin-Opener-Policy policy would block the window.postMessage call. @ https://accounts.google.com/gsi/client:379
[218673973ms] [ERROR] Cross-Origin-Opener-Policy policy would block the window.postMessage call. @ https://accounts.google.com/gsi/client:379
[218674988ms] [ERROR] Failed to load resource: the server responded with a status of 404 () @ https://www.f6s.com/static-resource/plugins/uploadify/swfobject.js?u=10a8af6946e95e23773856c1035c54dd:0
[218674989ms] [ERROR] Failed to load resource: the server responded with a status of 404 () @ https://www.f6s.com/static-resource/plugins/uploadify/jquery.uploadify.v2.1.4.min.js?u=10a8af6946e95e23773856c1035c54dd:0
[218745212ms] [ERROR] Failed to load resource: the server responded with a status of 404 () @ https://www.f6s.com/static-resource/plugins/uploadify/swfobject.js?u=10a8af6946e95e23773856c1035c54dd:0
[218745279ms] [ERROR] Failed to load resource: the server responded with a status of 404 () @ https://www.f6s.com/static-resource/plugins/uploadify/jquery.uploadify.v2.1.4.min.js?u=10a8af6946e95e23773856c1035c54dd:0
[218758660ms] TypeError: Cannot read properties of null (reading 'classList')
    at https://geovation.uk/:1009:24
[218759779ms] TypeError: Cannot read properties of null (reading 'classList')
    at https://geovation.uk/challenges/proptech-innovation-challenge/:1545:24
[218768445ms] TypeError: Cannot read properties of null (reading 'classList')
    at https://geovation.uk/apply/accelerator/:1022:24
[218775676ms] [WARNING] The resource https://geovation.uk/wp-content/themes/wpblocktheme/assets/fonts/Lato/lato-v23-latin-700.woff2 was preloaded using link preload but not used within a few seconds from the window's load event. Please make sure it has an appropriate `as` value and it is preloaded intentionally. @ https://geovation.uk/apply/accelerator/:0
[218775676ms] [WARNING] The resource https://geovation.uk/wp-content/themes/wpblocktheme/assets/fonts/Lato/lato-v23-latin-regular.woff was preloaded using link preload but not used within a few seconds from the window's load event. Please make sure it has an appropriate `as` value and it is preloaded intentionally. @ https://geovation.uk/apply/accelerator/:0
[218775676ms] [WARNING] The resource https://geovation.uk/wp-content/themes/wpblocktheme/assets/fonts/Lato/lato-v23-latin-regular.woff2 was preloaded using link preload but not used within a few seconds from the window's load event. Please make sure it has an appropriate `as` value and it is preloaded intentionally. @ https://geovation.uk/apply/accelerator/:0
[218775676ms] [WARNING] The resource https://geovation.uk/wp-content/uploads/hummingbird-assets/8ec03d142cdcfb8354fa1d55505194cb.css was preloaded using link preload but not used within a few seconds from the window's load event. Please make sure it has an appropriate `as` value and it is preloaded intentionally. @ https://geovation.uk/apply/accelerator/:0
[218775676ms] [WARNING] The resource https://geovation.uk/wp-content/themes/wpblocktheme/assets/fonts/Lato/lato-v23-latin-700.woff was preloaded using link preload but not used within a few seconds from the window's load event. Please make sure it has an appropriate `as` value and it is preloaded intentionally. @ https://geovation.uk/apply/accelerator/:0
[218780607ms] [WARNING] The resource https://geovation.uk/wp-content/themes/wpblocktheme/assets/fonts/Lato/lato-v23-latin-700.woff2 was preloaded using link preload but not used within a few seconds from the window's load event. Please make sure it has an appropriate `as` value and it is preloaded intentionally. @ https://geovation.uk/apply/accelerator/:0
[218780608ms] [WARNING] The resource https://geovation.uk/wp-content/themes/wpblocktheme/assets/fonts/Lato/lato-v23-latin-regular.woff was preloaded using link preload but not used within a few seconds from the window's load event. Please make sure it has an appropriate `as` value and it is preloaded intentionally. @ https://geovation.uk/apply/accelerator/:0
[218780608ms] [WARNING] The resource https://geovation.uk/wp-content/themes/wpblocktheme/assets/fonts/Lato/lato-v23-latin-regular.woff2 was preloaded using link preload but not used within a few seconds from the window's load event. Please make sure it has an appropriate `as` value and it is preloaded intentionally. @ https://geovation.uk/apply/accelerator/:0
[218780608ms] [WARNING] The resource https://geovation.uk/wp-content/uploads/hummingbird-assets/8ec03d142cdcfb8354fa1d55505194cb.css was preloaded using link preload but not used within a few seconds from the window's load event. Please make sure it has an appropriate `as` value and it is preloaded intentionally. @ https://geovation.uk/apply/accelerator/:0
[218780608ms] [WARNING] The resource https://geovation.uk/wp-content/themes/wpblocktheme/assets/fonts/Lato/lato-v23-latin-700.woff was preloaded using link preload but not used within a few seconds from the window's load event. Please make sure it has an appropriate `as` value and it is preloaded intentionally. @ https://geovation.uk/apply/accelerator/:0
[218797324ms] [WARNING] The resource https://geovation.uk/wp-content/themes/wpblocktheme/assets/fonts/Lato/lato-v23-latin-700.woff2 was preloaded using link preload but not used within a few seconds from the window's load event. Please make sure it has an appropriate `as` value and it is preloaded intentionally. @ https://geovation.uk/apply/accelerator/:0
[218797324ms] [WARNING] The resource https://geovation.uk/wp-content/themes/wpblocktheme/assets/fonts/Lato/lato-v23-latin-regular.woff was preloaded using link preload but not used within a few seconds from the window's load event. Please make sure it has an appropriate `as` value and it is preloaded intentionally. @ https://geovation.uk/apply/accelerator/:0
[218797324ms] [WARNING] The resource https://geovation.uk/wp-content/themes/wpblocktheme/assets/fonts/Lato/lato-v23-latin-regular.woff2 was preloaded using link preload but not used within a few seconds from the window's load event. Please make sure it has an appropriate `as` value and it is preloaded intentionally. @ https://geovation.uk/apply/accelerator/:0
[218797324ms] [WARNING] The resource https://geovation.uk/wp-content/uploads/hummingbird-assets/8ec03d142cdcfb8354fa1d55505194cb.css was preloaded using link preload but not used within a few seconds from the window's load event. Please make sure it has an appropriate `as` value and it is preloaded intentionally. @ https://geovation.uk/apply/accelerator/:0
[218797324ms] [WARNING] The resource https://geovation.uk/wp-content/themes/wpblocktheme/assets/fonts/Lato/lato-v23-latin-700.woff was preloaded using link preload but not used within a few seconds from the window's load event. Please make sure it has an appropriate `as` value and it is preloaded intentionally. @ https://geovation.uk/apply/accelerator/:0
[218800860ms] TypeError: Cannot read properties of null (reading 'classList')
    at https://geovation.uk/challenges/proptech-innovation-challenge/:1545:24
[218805144ms] [WARNING] The resource https://geovation.uk/wp-content/themes/wpblocktheme/assets/fonts/Lato/lato-v23-latin-700.woff2 was preloaded using link preload but not used within a few seconds from the window's load event. Please make sure it has an appropriate `as` value and it is preloaded intentionally. @ https://geovation.uk/challenges/proptech-innovation-challenge/:0
[218805144ms] [WARNING] The resource https://geovation.uk/wp-content/themes/wpblocktheme/assets/fonts/Lato/lato-v23-latin-regular.woff was preloaded using link preload but not used within a few seconds from the window's load event. Please make sure it has an appropriate `as` value and it is preloaded intentionally. @ https://geovation.uk/challenges/proptech-innovation-challenge/:0
[218805144ms] [WARNING] The resource https://geovation.uk/wp-content/themes/wpblocktheme/assets/fonts/Lato/lato-v23-latin-regular.woff2 was preloaded using link preload but not used within a few seconds from the window's load event. Please make sure it has an appropriate `as` value and it is preloaded intentionally. @ https://geovation.uk/challenges/proptech-innovation-challenge/:0
[218805144ms] [WARNING] The resource https://geovation.uk/wp-content/uploads/hummingbird-assets/8ec03d142cdcfb8354fa1d55505194cb.css was preloaded using link preload but not used within a few seconds from the window's load event. Please make sure it has an appropriate `as` value and it is preloaded intentionally. @ https://geovation.uk/challenges/proptech-innovation-challenge/:0
[218805144ms] [WARNING] The resource https://geovation.uk/wp-content/themes/wpblocktheme/assets/fonts/Lato/lato-v23-latin-700.woff was preloaded using link preload but not used within a few seconds from the window's load event. Please make sure it has an appropriate `as` value and it is preloaded intentionally. @ https://geovation.uk/challenges/proptech-innovation-challenge/:0
[218809615ms] [WARNING] The resource https://geovation.uk/wp-content/themes/wpblocktheme/assets/fonts/Lato/lato-v23-latin-700.woff2 was preloaded using link preload but not used within a few seconds from the window's load event. Please make sure it has an appropriate `as` value and it is preloaded intentionally. @ https://geovation.uk/challenges/proptech-innovation-challenge/:0
[218809615ms] [WARNING] The resource https://geovation.uk/wp-content/themes/wpblocktheme/assets/fonts/Lato/lato-v23-latin-regular.woff was preloaded using link preload but not used within a few seconds from the window's load event. Please make sure it has an appropriate `as` value and it is preloaded intentionally. @ https://geovation.uk/challenges/proptech-innovation-challenge/:0
[218809615ms] [WARNING] The resource https://geovation.uk/wp-content/themes/wpblocktheme/assets/fonts/Lato/lato-v23-latin-regular.woff2 was preloaded using link preload but not used within a few seconds from the window's load event. Please make sure it has an appropriate `as` value and it is preloaded intentionally. @ https://geovation.uk/challenges/proptech-innovation-challenge/:0
[218809615ms] [WARNING] The resource https://geovation.uk/wp-content/uploads/hummingbird-assets/8ec03d142cdcfb8354fa1d55505194cb.css was preloaded using link preload but not used within a few seconds from the window's load event. Please make sure it has an appropriate `as` value and it is preloaded intentionally. @ https://geovation.uk/challenges/proptech-innovation-challenge/:0
[218809615ms] [WARNING] The resource https://geovation.uk/wp-content/themes/wpblocktheme/assets/fonts/Lato/lato-v23-latin-700.woff was preloaded using link preload but not used within a few seconds from the window's load event. Please make sure it has an appropriate `as` value and it is preloaded intentionally. @ https://geovation.uk/challenges/proptech-innovation-challenge/:0
[218828322ms] [WARNING] The resource https://geovation.uk/wp-content/themes/wpblocktheme/assets/fonts/Lato/lato-v23-latin-700.woff2 was preloaded using link preload but not used within a few seconds from the window's load event. Please make sure it has an appropriate `as` value and it is preloaded intentionally. @ https://geovation.uk/challenges/proptech-innovation-challenge/:0
[218828322ms] [WARNING] The resource https://geovation.uk/wp-content/themes/wpblocktheme/assets/fonts/Lato/lato-v23-latin-regular.woff was preloaded using link preload but not used within a few seconds from the window's load event. Please make sure it has an appropriate `as` value and it is preloaded intentionally. @ https://geovation.uk/challenges/proptech-innovation-challenge/:0
[218828322ms] [WARNING] The resource https://geovation.uk/wp-content/themes/wpblocktheme/assets/fonts/Lato/lato-v23-latin-regular.woff2 was preloaded using link preload but not used within a few seconds from the window's load event. Please make sure it has an appropriate `as` value and it is preloaded intentionally. @ https://geovation.uk/challenges/proptech-innovation-challenge/:0
[218828322ms] [WARNING] The resource https://geovation.uk/wp-content/uploads/hummingbird-assets/8ec03d142cdcfb8354fa1d55505194cb.css was preloaded using link preload but not used within a few seconds from the window's load event. Please make sure it has an appropriate `as` value and it is preloaded intentionally. @ https://geovation.uk/challenges/proptech-innovation-challenge/:0
[218828322ms] [WARNING] The resource https://geovation.uk/wp-content/themes/wpblocktheme/assets/fonts/Lato/lato-v23-latin-700.woff was preloaded using link preload but not used within a few seconds from the window's load event. Please make sure it has an appropriate `as` value and it is preloaded intentionally. @ https://geovation.uk/challenges/proptech-innovation-challenge/:0
