[     282ms] [ERROR] Failed to load resource: net::ERR_INTERNET_DISCONNECTED @ https://ogads-pa.clients6.google.com/$rpc/google.internal.onegoogle.asyncdata.v1.AsyncDataService/GetAsyncData:0
[    1278ms] [ERROR] Failed to load resource: net::ERR_INTERNET_DISCONNECTED @ https://play.google.com/log?format=json&hasfast=true:0
[    3295ms] [ERROR] Failed to load resource: net::ERR_INTERNET_DISCONNECTED @ https://play.google.com/log?format=json&hasfast=true:0
[   26350ms] [ERROR] Failed to load resource: the server responded with a status of 404 () @ https://www.jobs.ac.uk/favicon.ico:0
[   26394ms] [WARNING] A parser-blocking, cross site (i.e. different eTLD+1) script, https://cc.cdn.civiccomputing.com/9/cookieControl-9.x.min.js, is invoked via document.write. The network request for this script MAY be blocked by the browser in this or a future page load due to poor network connectivity. If blocked in this page load, it will be confirmed in a subsequent console message. See https://www.chromestatus.com/feature/5718547946799104 for more details. @ :0
[   26397ms] [WARNING] A parser-blocking, cross site (i.e. different eTLD+1) script, https://maps.googleapis.com/maps/api/js?key=AIzaSyAvJWrtdEfNhpBZ9p28MzmwxQBUCbnXvIk&libraries=places, is invoked via document.write. The network request for this script MAY be blocked by the browser in this or a future page load due to poor network connectivity. If blocked in this page load, it will be confirmed in a subsequent console message. See https://www.chromestatus.com/feature/5718547946799104 for more details. @ :0
[   26401ms] [WARNING] A parser-blocking, cross site (i.e. different eTLD+1) script, https://cc.cdn.civiccomputing.com/9/cookieControl-9.x.min.js, is invoked via document.write. The network request for this script MAY be blocked by the browser in this or a future page load due to poor network connectivity. If blocked in this page load, it will be confirmed in a subsequent console message. See https://www.chromestatus.com/feature/5718547946799104 for more details. @ :0
[   26402ms] [WARNING] A parser-blocking, cross site (i.e. different eTLD+1) script, https://maps.googleapis.com/maps/api/js?key=AIzaSyAvJWrtdEfNhpBZ9p28MzmwxQBUCbnXvIk&libraries=places, is invoked via document.write. The network request for this script MAY be blocked by the browser in this or a future page load due to poor network connectivity. If blocked in this page load, it will be confirmed in a subsequent console message. See https://www.chromestatus.com/feature/5718547946799104 for more details. @ :0
[   26951ms] [WARNING] Google Maps JavaScript API has been loaded directly without loading=async. This can result in suboptimal performance. For best-practice loading patterns please see https://goo.gle/js-api-loading @ https://maps.googleapis.com/maps/api/js?key=AIzaSyAvJWrtdEfNhpBZ9p28MzmwxQBUCbnXvIk&libraries=places:1590
[   27113ms] [INFO] Download the Vue Devtools extension for a better development experience:
https://github.com/vuejs/vue-devtools @ https://www.jobs.ac.uk/js/bundle.min.js?1780497327:0
[   27113ms] [INFO] You are running Vue in development mode.
Make sure to turn on production mode when deploying for production.
See more tips at https://vuejs.org/guide/deployment.html @ https://www.jobs.ac.uk/js/bundle.min.js?1780497327:0
[   27315ms] [WARNING] An iframe which has both allow-scripts and allow-same-origin for its sandbox attribute can escape its sandboxing. @ https://cdn.equalweb.com/core/5.0.9/accessibility.js:0
[   27391ms] [LOG] %c[IND]%c You are running %c Windows %c Operating system, %c Chrome %c browser, version: %c 148 color: White; background: #17384c; font-weight: bold; padding: 3px; border-radius:3px 0 0 3px; color: Black; background: #50e590; font-weight: bold; padding: 3px color: White; background: #17384c; font-weight: bold; padding: 3px; color: Black; background: #50e590; font-weight: bold; padding: 3px color: White; background: #17384c; font-weight: bold; padding: 3px; color: Black; background: #50e590; font-weight: bold; padding: 3px color: White; background: #17384c; font-weight: bold; padding: 3px; border-radius:0 3px 3px 0 @ https://cdn.equalweb.com/core/5.0.9/accessibility.js:0
[   27392ms] [LOG] %c[IND]%c Version %c5.0.9%c color: White; background: #17384c; font-weight: bold; padding: 3px; border-radius:3px 0 0 3px; color: Black; background: #50e590; font-weight: bold; padding: 3px color: White; background: #17384c; font-weight: bold; padding: 3px; border-radius:0 3px 3px 0  @ https://cdn.equalweb.com/core/5.0.9/accessibility.js:0
[   39636ms] [WARNING] Google Maps JavaScript API has been loaded directly without loading=async. This can result in suboptimal performance. For best-practice loading patterns please see https://goo.gle/js-api-loading @ https://maps.googleapis.com/maps/api/js?key=AIzaSyAvJWrtdEfNhpBZ9p28MzmwxQBUCbnXvIk&libraries=places:1590
[   39859ms] [WARNING] An iframe which has both allow-scripts and allow-same-origin for its sandbox attribute can escape its sandboxing. @ https://cdn.equalweb.com/core/5.0.9/accessibility.js:0
[   39866ms] [LOG] %c[IND]%c You are running %c Windows %c Operating system, %c Chrome %c browser, version: %c 148 color: White; background: #17384c; font-weight: bold; padding: 3px; border-radius:3px 0 0 3px; color: Black; background: #50e590; font-weight: bold; padding: 3px color: White; background: #17384c; font-weight: bold; padding: 3px; color: Black; background: #50e590; font-weight: bold; padding: 3px color: White; background: #17384c; font-weight: bold; padding: 3px; color: Black; background: #50e590; font-weight: bold; padding: 3px color: White; background: #17384c; font-weight: bold; padding: 3px; border-radius:0 3px 3px 0 @ https://cdn.equalweb.com/core/5.0.9/accessibility.js:0
[   39866ms] [LOG] %c[IND]%c Version %c5.0.9%c color: White; background: #17384c; font-weight: bold; padding: 3px; border-radius:3px 0 0 3px; color: Black; background: #50e590; font-weight: bold; padding: 3px color: White; background: #17384c; font-weight: bold; padding: 3px; border-radius:0 3px 3px 0  @ https://cdn.equalweb.com/core/5.0.9/accessibility.js:0
[   40352ms] [ERROR] Failed to load resource: the server responded with a status of 400 () @ https://ad.doubleclick.net/ccm/s/collect?auid=420963351.1780511266&gtm=45He6620v76270170za200zd76270170xea:0
[   70598ms] [INFO] Download the Vue Devtools extension for a better development experience:
https://github.com/vuejs/vue-devtools @ https://www.jobs.ac.uk/js/bundle.min.js?1780497327:0
[   70598ms] [INFO] You are running Vue in development mode.
Make sure to turn on production mode when deploying for production.
See more tips at https://vuejs.org/guide/deployment.html @ https://www.jobs.ac.uk/js/bundle.min.js?1780497327:0
[   70713ms] [WARNING] An iframe which has both allow-scripts and allow-same-origin for its sandbox attribute can escape its sandboxing. @ https://cdn.equalweb.com/core/5.0.9/accessibility.js:0
[   70720ms] [LOG] %c[IND]%c You are running %c Windows %c Operating system, %c Chrome %c browser, version: %c 148 color: White; background: #17384c; font-weight: bold; padding: 3px; border-radius:3px 0 0 3px; color: Black; background: #50e590; font-weight: bold; padding: 3px color: White; background: #17384c; font-weight: bold; padding: 3px; color: Black; background: #50e590; font-weight: bold; padding: 3px color: White; background: #17384c; font-weight: bold; padding: 3px; color: Black; background: #50e590; font-weight: bold; padding: 3px color: White; background: #17384c; font-weight: bold; padding: 3px; border-radius:0 3px 3px 0 @ https://cdn.equalweb.com/core/5.0.9/accessibility.js:0
[   70720ms] [LOG] %c[IND]%c Version %c5.0.9%c color: White; background: #17384c; font-weight: bold; padding: 3px; border-radius:3px 0 0 3px; color: Black; background: #50e590; font-weight: bold; padding: 3px color: White; background: #17384c; font-weight: bold; padding: 3px; border-radius:0 3px 3px 0  @ https://cdn.equalweb.com/core/5.0.9/accessibility.js:0
[   73401ms] ReferenceError: fbq is not defined
    at <anonymous>:1:1
    at https://www.googletagmanager.com/gtm.js?id=GTM-MVCS9TR:935:429
    at sS (https://www.googletagmanager.com/gtm.js?id=GTM-MVCS9TR:937:31)
    at Od.rS (https://www.googletagmanager.com/gtm.js?id=GTM-MVCS9TR:934:92)
    at Od.<anonymous> (https://www.googletagmanager.com/gtm.js?id=GTM-MVCS9TR:359:187)
    at k.apply (https://www.googletagmanager.com/gtm.js?id=GTM-MVCS9TR:281:466)
    at hb (https://www.googletagmanager.com/gtm.js?id=GTM-MVCS9TR:243:719)
    at gb (https://www.googletagmanager.com/gtm.js?id=GTM-MVCS9TR:243:470)
    at Od.<anonymous> (https://www.googletagmanager.com/gtm.js?id=GTM-MVCS9TR:305:473)
    at k.apply (https://www.googletagmanager.com/gtm.js?id=GTM-MVCS9TR:281:466)
[   73794ms] [LOG] [AAT] Setting region to EU based on country code @ https://c.amazon-adsystem.com/aat/amzn.js:1
[   73795ms] [LOG] [AAT] Region explicitly set to EU @ https://c.amazon-adsystem.com/aat/amzn.js:1
[  711215ms] [ERROR] Failed to load resource: the server responded with a status of 404 () @ https://www.gov.uk/global-talent&nbsp:0
